// Jest Snapshot v1, https://goo.gl/fbAQLP

exports[`Popover render Popover 1`] = `ReactWrapper {}`;
