// Jest Snapshot v1, https://goo.gl/fbAQLP

exports[`Tooltip render Tooltip 1`] = `ReactWrapper {}`;
